.gitignore
.trellis/.template-hashes.json
.trellis/tasks/06-30-tree-sitter-gs-migration/loops/loop-011.md
.trellis/tasks/06-30-tree-sitter-gs-migration/task.json
cli/editor.cpp
cli/main.cpp
cli/source_diagnostics.cpp
cli/source_diagnostics.h
docs/plans/README.md
docs/plans/tree-sitter-gs-migration-plan.md
docs/spec/architecture.md
docs/spec/index.md
include/graphscript/asset/language.h
include/graphscript/compile/compiler.h
include/graphscript/core/annotation.h
include/graphscript/core/connection.h
include/graphscript/core/graph.h
include/graphscript/core/initializer_field.h
include/graphscript/core/node.h
include/graphscript/core/pin.h
include/graphscript/core/types.h
include/graphscript/diagnostic/diagnostic.h
include/graphscript/edit/edit_session.h
include/graphscript/emit/emitter.h
include/graphscript/parse/ast.h
include/graphscript/parse/token.h
include/graphscript/schema/graph_schema.h
presets/htn_nodes.d.gs
presets/levelscript_nodes.d.gs
presets/task_nodes.d.gs
presets/ue_blueprint.d.gs
presets/ue_core.d.gs
src/asset/language.cpp
src/debug/dump.cpp
src/edit/edit_session.cpp
tests/test_asset_language.cpp
tests/test_blueprint_scenarios.cpp
tests/test_cli_editor.cpp
tests/test_compiler.cpp
tests/test_edit_session.cpp
tests/test_emitter.cpp
tests/test_integration_deep.cpp
tests/test_parser.cpp
tests/test_qa_loop.cpp
tests/test_qa_stress.cpp
tests/test_source_diagnostics.cpp
tools/tree-sitter-graphscript-asset/grammar.js
tools/tree-sitter-graphscript-asset/package.json
tools/tree-sitter-graphscript-asset/queries/highlights.scm
tools/tree-sitter-graphscript-asset/src/grammar.json
tools/tree-sitter-graphscript-asset/src/node-types.json
tools/tree-sitter-graphscript-asset/src/parser.c
