.trellis\tasks\06-30-tree-sitter-gs-migration\goal.md:18:- 完成证据: `rg "\.d\.sc|\.sc\b"` 仅剩明确历史说明或无残留；旧 `include/graphscript/parse`, `src/parse`, `include/graphscript/compile`, `src/compile`, `include/graphscript/emit`, `src/emit` 及旧 parser/compiler/emitter 测试被删除或改写；`RuntimeGraph` 被新的 graph runtime IR 替换；CLI 最终命令为 `parse/lint/project/patch/edit/serve` 且不保留受支持的 `sc-*`；编辑器和 Web 回归能力仍可用；`docs/spec/legacy-graph-dsl-feature-inventory.md` 完成；构建、C++ 测试、webapp build/lint 和必要 smoke/视觉测试通过或记录可接受外部阻塞。
.trellis\tasks\06-30-tree-sitter-gs-migration\prd.md:45:* Before deleting legacy implementations, create a legacy graph DSL feature inventory at `docs/spec/legacy-graph-dsl-feature-inventory.md`.
docs\spec\index.md:22:| [旧 Graph DSL 功能清单](./legacy-graph-dsl-feature-inventory.md) | 迁移历史清单：旧手写 DSL 能力、替代路径和删除前测试意图 | Filled |
docs\plans\tree-sitter-gs-migration-plan.md:662:      legacy-graph-dsl-feature-inventory.md
docs\plans\tree-sitter-gs-migration-plan.md:869:docs/spec/legacy-graph-dsl-feature-inventory.md
docs\plans\tree-sitter-gs-migration-plan.md:957:- 写 `docs/spec/legacy-graph-dsl-feature-inventory.md`。
.trellis\tasks\06-30-tree-sitter-gs-migration\research\phase5-source-diagnostics-asset.md:22:- `docs/spec/legacy-graph-dsl-feature-inventory.md` - Legacy feature inventory marks import-aware source diagnostics and environment hash as migration gaps.
.trellis\tasks\06-30-tree-sitter-gs-migration\research\phase5-source-diagnostics-asset.md:247:- `docs/spec/legacy-graph-dsl-feature-inventory.md` - Import-aware source diagnostics, environment hash, and diagnostic action/target gaps.
.trellis\tasks\06-30-tree-sitter-gs-migration\loops\loop-004.md:9:创建 `docs/spec/legacy-graph-dsl-feature-inventory.md`，系统记录旧 parser/compiler/emitter、editor/server/source diagnostics、runtime/debug/validation 的现有能力、代码证据、迁移覆盖状态和删除旧实现前必须保留的测试意图。
.trellis\tasks\06-30-tree-sitter-gs-migration\loops\loop-004.md:25:- 目录: 新增 `docs/spec/legacy-graph-dsl-feature-inventory.md`，更新任务文件。
.trellis\tasks\06-30-tree-sitter-gs-migration\loops\loop-004.md:46:- 新增 `docs/spec/legacy-graph-dsl-feature-inventory.md`，覆盖旧 parser/compiler/emitter、editor/server/source diagnostics、runtime/debug/validation 的能力清单。
.trellis\tasks\06-30-tree-sitter-gs-migration\loops\loop-004.md:58:- 文档存在: `docs/spec/legacy-graph-dsl-feature-inventory.md` 已创建。
.trellis\tasks\06-30-tree-sitter-gs-migration\loops\loop-004.md:62:- `git diff --check -- docs/spec/legacy-graph-dsl-feature-inventory.md .trellis/tasks/06-30-tree-sitter-gs-migration/loops/loop-004.md`: 通过。
.trellis\tasks\06-30-tree-sitter-gs-migration\loops\loop-005.md:23:- 已读: `goal.md`、`docs/spec/legacy-graph-dsl-feature-inventory.md`、frontend index、backend directory structure、asset parser/projector/tests、CLI project output。
.trellis\tasks\06-30-tree-sitter-gs-migration\evidence\phase5_loop013_git_status.log:527:?? docs/spec/legacy-graph-dsl-feature-inventory.md
.trellis\tasks\06-30-tree-sitter-gs-migration\evidence\phase6_loop022_legacy_name_scan_after_renames.log:1:docs\spec\legacy-graph-dsl-feature-inventory.md:60:| 解析错误、context、hint 和 quickfix action。 | `Parser::record_error()`；`tests/test_parser.cpp` parser diagnostic/quickfix 用例。 | 部分覆盖：asset parser 记录 tree-sitter error/missing diagnostics，坏文本可保留 partial AST；quickfix/action 尚未覆盖。 | Source diagnostics 必须保留 range/context/hint/action 或等价 patch action；坏文本仍应可编辑。 |
.trellis\tasks\06-30-tree-sitter-gs-migration\evidence\phase6_loop022_legacy_name_scan_after_renames.log:2:docs\spec\legacy-graph-dsl-feature-inventory.md:132:| `tests/test_parser.cpp` | asset parser/semantic source binding tests。 |
.trellis\tasks\06-30-tree-sitter-gs-migration\evidence\phase6_loop022_legacy_name_scan_after_renames.log:3:docs\spec\legacy-graph-dsl-feature-inventory.md:133:| `tests/test_compiler.cpp` | asset declaration environment、GraphDomain binding、scope rules tests。 |
.trellis\tasks\06-30-tree-sitter-gs-migration\evidence\phase6_loop022_legacy_name_scan_after_renames.log:4:docs\spec\legacy-graph-dsl-feature-inventory.md:134:| `tests/test_emitter.cpp` | asset formatter/rewrite/reparse tests。 |
.trellis\tasks\06-30-tree-sitter-gs-migration\evidence\phase6_loop022_legacy_name_scan_after_renames.log:5:docs\spec\legacy-graph-dsl-feature-inventory.md:135:| `tests/test_lexer.cpp` | tree-sitter parser facade/highlight/query/token-equivalent smoke；若不再暴露 lexer，则删除旧 lexer 专属断言。 |
.trellis\tasks\06-30-tree-sitter-gs-migration\evidence\phase6_loop022_runtimegraph_surface_scan.log:31:docs\spec\legacy-graph-dsl-feature-inventory.md:13:- Runtime/debug 层：`include/graphscript/runtime/*`、`src/runtime/*`、`include/graphscript/debug/*`、`src/debug/*`，提供 `RuntimeGraph` bake、debug dump 和结构 diff。
.trellis\tasks\06-30-tree-sitter-gs-migration\evidence\phase6_loop022_runtimegraph_surface_scan.log:32:docs\spec\legacy-graph-dsl-feature-inventory.md:34:| Runtime | 旧 Runtime / validation / debug 能力 | `include/graphscript/runtime/runtime_graph.h`、`src/runtime/runtime_graph.cpp` |
.trellis\tasks\06-30-tree-sitter-gs-migration\evidence\phase6_loop022_runtimegraph_surface_scan.log:33:docs\spec\legacy-graph-dsl-feature-inventory.md:106:| `RuntimeGraph` flat node/pin/edge arrays。 | `include/graphscript/runtime/runtime_graph.h`；`src/runtime/runtime_graph.cpp`。 | 缺失/后续 Phase：Q5 决定替换为新 graph runtime IR，不保留兼容外壳。 | runtime node/pin lookup、edge array counts、source mapping intent 需迁移到新 IR。 |
.trellis\tasks\06-30-tree-sitter-gs-migration\evidence\phase6_loop022_runtimegraph_surface_scan.log:34:docs\spec\legacy-graph-dsl-feature-inventory.md:107:| `RuntimeGraph::bake(EditGraph)`。 | `RuntimeGraph::bake()`。 | 缺失/后续 Phase：新 bake 应消费 graph projection/model，不依赖 `EditGraph`。 | bake from projected graph、invalid graph rejection、large graph performance tests 需迁移。 |
.trellis\tasks\06-30-tree-sitter-gs-migration\evidence\phase6_loop022_runtimegraph_surface_scan.log:35:docs\spec\legacy-graph-dsl-feature-inventory.md:108:| runtime node/pin 查询失败语义。 | `RuntimeGraph::find_node()`、`find_pin_index()`；`tests/test_runtimegraph.cpp` lookup tests。 | 缺失/后续 Phase：新 runtime IR 尚未定义 stable id/index 查询。 | 新 runtime IR 需提供稳定 id/index 查询和明确失败语义。 |
.trellis\tasks\06-30-tree-sitter-gs-migration\evidence\phase6_loop022_runtimegraph_surface_scan.log:36:docs\spec\legacy-graph-dsl-feature-inventory.md:110:| debug dump AST/Module/EditGraph/RuntimeGraph。 | `include/graphscript/debug/dump.h`；`src/debug/dump.cpp`。 | 后续 Phase：dump 目标应改为 asset syntax tree、semantic model、graph projection、新 runtime IR。 | debug dump readability 和 structural diff tests 需迁移。 |
.trellis\tasks\06-30-tree-sitter-gs-migration\evidence\phase6_loop022_runtimegraph_surface_scan.log:37:docs\spec\legacy-graph-dsl-feature-inventory.md:125:8. 新 graph runtime IR 替换 `RuntimeGraph`，并以 graph projection/model 作为输入。
.trellis\tasks\06-30-tree-sitter-gs-migration\evidence\phase6_loop022_runtimegraph_surface_scan.log:38:docs\spec\legacy-graph-dsl-feature-inventory.md:165:| 新 graph runtime IR 替换 `RuntimeGraph`。 | Phase 5/6 |
.trellis\tasks\06-30-tree-sitter-gs-migration\evidence\phase6_loop025_inventory_reference_scan.log:1:.trellis\tasks\06-30-tree-sitter-gs-migration\goal.md:18:- 完成证据: `rg "\.d\.sc|\.sc\b"` 仅剩明确历史说明或无残留；旧 `include/graphscript/parse`, `src/parse`, `include/graphscript/compile`, `src/compile`, `include/graphscript/emit`, `src/emit` 及旧 parser/compiler/emitter 测试被删除或改写；`RuntimeGraph` 被新的 graph runtime IR 替换；CLI 最终命令为 `parse/lint/project/patch/edit/serve` 且不保留受支持的 `sc-*`；编辑器和 Web 回归能力仍可用；`docs/spec/legacy-graph-dsl-feature-inventory.md` 完成；构建、C++ 测试、webapp build/lint 和必要 smoke/视觉测试通过或记录可接受外部阻塞。
.trellis\tasks\06-30-tree-sitter-gs-migration\evidence\phase6_loop025_inventory_reference_scan.log:2:.trellis\tasks\06-30-tree-sitter-gs-migration\prd.md:45:* Before deleting legacy implementations, create a legacy graph DSL feature inventory at `docs/spec/legacy-graph-dsl-feature-inventory.md`.
.trellis\tasks\06-30-tree-sitter-gs-migration\evidence\phase6_loop025_inventory_reference_scan.log:3:docs\spec\index.md:22:| [旧 Graph DSL 功能清单](./legacy-graph-dsl-feature-inventory.md) | 迁移历史清单：旧手写 DSL 能力、替代路径和删除前测试意图 | Filled |
.trellis\tasks\06-30-tree-sitter-gs-migration\evidence\phase6_loop025_inventory_reference_scan.log:4:docs\plans\tree-sitter-gs-migration-plan.md:662:      legacy-graph-dsl-feature-inventory.md
.trellis\tasks\06-30-tree-sitter-gs-migration\evidence\phase6_loop025_inventory_reference_scan.log:5:docs\plans\tree-sitter-gs-migration-plan.md:869:docs/spec/legacy-graph-dsl-feature-inventory.md
.trellis\tasks\06-30-tree-sitter-gs-migration\evidence\phase6_loop025_inventory_reference_scan.log:6:docs\plans\tree-sitter-gs-migration-plan.md:957:- 写 `docs/spec/legacy-graph-dsl-feature-inventory.md`。
.trellis\tasks\06-30-tree-sitter-gs-migration\evidence\phase6_loop025_inventory_reference_scan.log:7:.trellis\tasks\06-30-tree-sitter-gs-migration\research\phase5-source-diagnostics-asset.md:22:- `docs/spec/legacy-graph-dsl-feature-inventory.md` - Legacy feature inventory marks import-aware source diagnostics and environment hash as migration gaps.
.trellis\tasks\06-30-tree-sitter-gs-migration\evidence\phase6_loop025_inventory_reference_scan.log:8:.trellis\tasks\06-30-tree-sitter-gs-migration\research\phase5-source-diagnostics-asset.md:247:- `docs/spec/legacy-graph-dsl-feature-inventory.md` - Import-aware source diagnostics, environment hash, and diagnostic action/target gaps.
.trellis\tasks\06-30-tree-sitter-gs-migration\evidence\phase6_loop025_inventory_reference_scan.log:9:.trellis\tasks\06-30-tree-sitter-gs-migration\loops\loop-004.md:9:创建 `docs/spec/legacy-graph-dsl-feature-inventory.md`，系统记录旧 parser/compiler/emitter、editor/server/source diagnostics、runtime/debug/validation 的现有能力、代码证据、迁移覆盖状态和删除旧实现前必须保留的测试意图。
.trellis\tasks\06-30-tree-sitter-gs-migration\evidence\phase6_loop025_inventory_reference_scan.log:10:.trellis\tasks\06-30-tree-sitter-gs-migration\loops\loop-004.md:25:- 目录: 新增 `docs/spec/legacy-graph-dsl-feature-inventory.md`，更新任务文件。
.trellis\tasks\06-30-tree-sitter-gs-migration\evidence\phase6_loop025_inventory_reference_scan.log:11:.trellis\tasks\06-30-tree-sitter-gs-migration\loops\loop-004.md:46:- 新增 `docs/spec/legacy-graph-dsl-feature-inventory.md`，覆盖旧 parser/compiler/emitter、editor/server/source diagnostics、runtime/debug/validation 的能力清单。
.trellis\tasks\06-30-tree-sitter-gs-migration\evidence\phase6_loop025_inventory_reference_scan.log:12:.trellis\tasks\06-30-tree-sitter-gs-migration\loops\loop-004.md:58:- 文档存在: `docs/spec/legacy-graph-dsl-feature-inventory.md` 已创建。
.trellis\tasks\06-30-tree-sitter-gs-migration\evidence\phase6_loop025_inventory_reference_scan.log:13:.trellis\tasks\06-30-tree-sitter-gs-migration\loops\loop-004.md:62:- `git diff --check -- docs/spec/legacy-graph-dsl-feature-inventory.md .trellis/tasks/06-30-tree-sitter-gs-migration/loops/loop-004.md`: 通过。
.trellis\tasks\06-30-tree-sitter-gs-migration\evidence\phase6_loop025_inventory_reference_scan.log:14:.trellis\tasks\06-30-tree-sitter-gs-migration\loops\loop-005.md:23:- 已读: `goal.md`、`docs/spec/legacy-graph-dsl-feature-inventory.md`、frontend index、backend directory structure、asset parser/projector/tests、CLI project output。
.trellis\tasks\06-30-tree-sitter-gs-migration\evidence\phase6_loop025_inventory_reference_scan.log:15:.trellis\tasks\06-30-tree-sitter-gs-migration\evidence\phase5_loop013_git_status.log:527:?? docs/spec/legacy-graph-dsl-feature-inventory.md
.trellis\tasks\06-30-tree-sitter-gs-migration\evidence\phase6_loop025_inventory_reference_scan.log:16:.trellis\tasks\06-30-tree-sitter-gs-migration\evidence\phase6_loop022_legacy_name_scan_after_renames.log:1:docs\spec\legacy-graph-dsl-feature-inventory.md:60:| 解析错误、context、hint 和 quickfix action。 | `Parser::record_error()`；`tests/test_parser.cpp` parser diagnostic/quickfix 用例。 | 部分覆盖：asset parser 记录 tree-sitter error/missing diagnostics，坏文本可保留 partial AST；quickfix/action 尚未覆盖。 | Source diagnostics 必须保留 range/context/hint/action 或等价 patch action；坏文本仍应可编辑。 |
.trellis\tasks\06-30-tree-sitter-gs-migration\evidence\phase6_loop025_inventory_reference_scan.log:17:.trellis\tasks\06-30-tree-sitter-gs-migration\evidence\phase6_loop022_legacy_name_scan_after_renames.log:2:docs\spec\legacy-graph-dsl-feature-inventory.md:132:| `tests/test_parser.cpp` | asset parser/semantic source bindin
