
> webapp@0.0.0 lint
> eslint .


G:\Workspace\PluginDevelop\Plugins\GraphScript\webapp\src\App.tsx
  1279:6  warning  React Hook useCallback has an unnecessary dependency: 'refresh'. Either exclude it or remove the dependency array  react-hooks/exhaustive-deps

G:\Workspace\PluginDevelop\Plugins\GraphScript\webapp\src\canvas\FlowCanvas.tsx
   203:10  error  'getPinsForType' is defined but never used                                                                                                                                                                                                                                                                                                                                                                                                                                                                                                                                                                                                                                                                                                                                                                                                                                                                                                                                                                                                                    @typescript-eslint/no-unused-vars
   611:5   error  Error: Calling setState synchronously within an effect can trigger cascading renders

Effects are intended to synchronize state between React and external systems such as manually updating the DOM, state management libraries, or other platform APIs. In general, the body of an effect should do one or both of the following:
* Update external systems with the latest state from React.
* Subscribe for updates from some external system, calling setState in a callback function when external state changes.

Calling setState synchronously within an effect body causes cascading renders that can hurt performance, and is not recommended. (https://react.dev/learn/you-might-not-need-an-effect).

G:\Workspace\PluginDevelop\Plugins\GraphScript\webapp\src\canvas\FlowCanvas.tsx:611:5
  609 |
  610 |   useEffect(() => {
> 611 |     setDraftText(data.text || 'Comment')
      |     ^^^^^^^^^^^^ Avoid calling setState() directly within an effect
  612 |   }, [data.text])
  613 |
  614 |   const commitText = useCallback(() => {  react-hooks/set-state-in-effect
  1863:60  error  Error: Cannot access refs during render

React refs are values that are not needed for rendering. Refs should only be accessed outside of render, such as in event handlers or effects. Accessing a ref value (the `current` property) during render can cause your component not to update as expected (https://react.dev/reference/react/useRef).

G:\Workspace\PluginDevelop\Plugins\GraphScript\webapp\src\canvas\FlowCanvas.tsx:1863:60
  1861 |           className="absolute z-50 w-80 rounded-md border border-border bg-card/95 shadow-xl backdrop-blur p-1"
  1862 |           style={{
> 1863 |             left: Math.min(contextMenu.localX, Math.max(8, wrapperRef.current ? wrapperRef.current.clientWidth - 328 : contextMenu.localX)),
       |                                                            ^^^^^^^^^^^^^^^^^^ Cannot access ref value during render
  1864 |             top: contextMenu.localY,
  1865 |           }}
  1866 |           onClick={event => event.stopPropagation()}                                        react-hooks/refs
  1863:81  error  Error: Cannot access refs during render

React refs are values that are not needed for rendering. Refs should only be accessed outside of render, such as in event handlers or effects. Accessing a ref value (the `current` property) during render can cause your component not to update as expected (https://react.dev/reference/react/useRef).

G:\Workspace\PluginDevelop\Plugins\GraphScript\webapp\src\canvas\FlowCanvas.tsx:1863:81
  1861 |           className="absolute z-50 w-80 rounded-md border border-border bg-card/95 shadow-xl backdrop-blur p-1"
  1862 |           style={{
> 1863 |             left: Math.min(contextMenu.localX, Math.max(8, wrapperRef.current ? wrapperRef.current.clientWidth - 328 : contextMenu.localX)),
       |                                                                                 ^^^^^^^^^^^^^^^^^^^^^^^^^^^^^^ Cannot access ref value during render
  1864 |             top: contextMenu.localY,
  1865 |           }}
  1866 |           onClick={event => event.stopPropagation()}       react-hooks/refs

G:\Workspace\PluginDevelop\Plugins\GraphScript\webapp\src\components\ui\badge.tsx
  30:17  error  Fast refresh only works when a file only exports components. Use a new file to share constants or functions between components  react-refresh/only-export-components

G:\Workspace\PluginDevelop\Plugins\GraphScript\webapp\src\components\ui\button.tsx
  48:18  error  Fast refresh only works when a file only exports components. Use a new file to share constants or functions between components  react-refresh/only-export-components

G:\Workspace\PluginDevelop\Plugins\GraphScript\webapp\src\panels\GraphSearch.tsx
  1190:5  error  Error: Calling setState synchronously within an effect can trigger cascading renders

Effects are intended to synchronize state between React and external systems such as manually updating the DOM, state management libraries, or other platform APIs. In general, the body of an effect should do one or both of the following:
* Update external systems with the latest state from React.
* Subscribe for updates from some external system, calling setState in a callback function when external state changes.

Calling setState synchronously within an effect body causes cascading renders that can hurt performance, and is not recommended. (https://react.dev/learn/you-might-not-need-an-effect).

G:\Workspace\PluginDevelop\Plugins\GraphScript\webapp\src\panels\GraphSearch.tsx:1190:5
  1188 |
  1189 |   useEffect(() => {
> 1190 |     setActiveIndex(results.length > 0 ? 0 : -1)
       |     ^^^^^^^^^^^^^^ Avoid calling setState() directly within an effect
  1191 |   }, [query, results.length])
  1192 |
  1193 |   const groupedResults = useMemo(() => {  react-hooks/set-state-in-effect

G:\Workspace\PluginDevelop\Plugins\GraphScript\webapp\src\panels\PropertiesPanel.tsx
  2671:5  error  Error: Calling setState synchronously within an effect can trigger cascading renders

Effects are intended to synchronize state between React and external systems such as manually updating the DOM, state management libraries, or other platform APIs. In general, the body of an effect should do one or both of the following:
* Update external systems with the latest state from React.
* Subscribe for updates from some external system, calling setState in a callback function when external state changes.

Calling setState synchronously within an effect body causes cascading renders that can hurt performance, and is not recommended. (https://react.dev/learn/you-might-not-need-an-effect).

G:\Workspace\PluginDevelop\Plugins\GraphScript\webapp\src\panels\PropertiesPanel.tsx:2671:5
  2669 |
  2670 |   useEffect(() => {
> 2671 |     setFieldNameDraft(field.name)
       |     ^^^^^^^^^^^^^^^^^ Avoid calling setState() directly within an effect
  2672 |   }, [field.name])
  2673 |
  2674 |   useEffect(() => {                                                  react-hooks/set-state-in-effect
  2675:5  error  Error: Calling setState synchronously within an effect can trigger cascading renders

Effects are intended to synchronize state between React and external systems such as manually updating the DOM, state management libraries, or other platform APIs. In general, the body of an effect should do one or both of the following:
* Update external systems with the latest state from React.
* Subscribe for updates from some external system, calling setState in a callback function when external state changes.

Calling setState synchronously within an effect body causes cascading renders that can hurt performance, and is not recommended. (https://react.dev/learn/you-might-not-need-an-effect).

G:\Workspace\PluginDevelop\Plugins\GraphScript\webapp\src\panels\PropertiesPanel.tsx:2675:5
  2673 |
  2674 |   useEffect(() => {
> 2675 |     setFieldValueDraft(field.value)
       |     ^^^^^^^^^^^^^^^^^^ Avoid calling setState() directly within an effect
  2676 |   }, [field.value])
  2677 |
  2678 |   const submitFieldName = async (e: FormEvent) => {              react-hooks/set-state-in-effect
  2888:5  error  Error: Calling setState synchronously within an effect can trigger cascading renders

Effects are intended to synchronize state between React and external systems such as manually updating the DOM, state management libraries, or other platform APIs. In general, the body of an effect should do one or both of the following:
* Update external systems with the latest state from React.
* Subscribe for updates from some external system, calling setState in a callback function when external state changes.

Calling setState synchronously within an effect body causes cascading renders that can hurt performance, and is not recommended. (https://react.dev/learn/you-might-not-need-an-effect).

G:\Workspace\PluginDevelop\Plugins\GraphScript\webapp\src\panels\PropertiesPanel.tsx:2888:5
  2886 |
  2887 |   useEffect(() => {
> 2888 |     setValueDraft(field?.value ?? '')
       |     ^^^^^^^^^^^^^ Avoid calling setState() directly within an effect
  2889 |   }, [field?.value])
  2890 |
  2891 |   const submitValue = async (e: FormEvent) => {                    react-hooks/set-state-in-effect
  3021:5  error  Error: Calling setState synchronously within an effect can trigger cascading renders

Effects are intended to synchronize state between React and external systems such as manually updating the DOM, state management libraries, or other platform APIs. In general, the body of an effect should do one or both of the following:
* Update external systems with the latest state from React.
* Subscribe for updates from some external system, calling setState in a callback function when external state changes.

Calling setState synchronously within an effect body causes cascading renders that can hurt performance, and is not recommended. (https://react.dev/learn/you-might-not-need-an-effect).

G:\Workspace\PluginDevelop\Plugins\GraphScript\webapp\src\panels\PropertiesPanel.tsx:3021:5
  3019 |
  3020 |   useEffect(() => {
> 3021 |     setInitExpression(node.init ?? '')
       |     ^^^^^^^^^^^^^^^^^ Avoid calling setState() directly within an effect
  3022 |   }, [node.init])
  3023 |
  3024 |   const submitInitializerExpression = async (e: FormEvent) => {  react-hooks/set-state-in-effect

G:\Workspace\PluginDevelop\Plugins\GraphScript\webapp\src\panels\SourcePreviewPanel.tsx
  347:26  error  Error: Calling setState synchronously within an effect can trigger cascading renders

Effects are intended to synchronize state between React and external systems such as manually updating the DOM, state management libraries, or other platform APIs. In general, the body of an effect should do one or both of the following:
* Update external systems with the latest state from React.
* Subscribe for updates from some external system, calling setState in a callback function when external state changes.

Calling setState synchronously within an effect body causes cascading renders that can hurt performance, and is not recommended. (https://react.dev/learn/you-might-not-need-an-effect).

G:\Workspace\PluginDevelop\Plugins\GraphScript\webapp\src\panels\SourcePreviewPanel.tsx:347:26
  345 |
  346 |   useEffect(() => {
> 347 |     if (!sourceEditable) setEditing(false)
      |                          ^^^^^^^^^^ Avoid calling setState() directly within an effect
  348 |   }, [sourceEditable])
  349 |
  350 |   useEffect(() => {                                          react-hooks/set-state-in-effect
  351:5   error  Error: Calling setState synchronously within an effect can trigger cascading renders

Effects are intended to synchronize state between React and external systems such as manually updating the DOM, state management libraries, or other platform APIs. In general, the body of an effect should do one or both of the following:
* Update external systems with the latest state from React.
* Subscribe for updates from some external system, calling setState in a callback function when external state changes.

Calling setState synchronously within an effect body causes cascading renders that can hurt performance, and is not recommended. (https://react.dev/learn/you-might-not-need-an-effect).

G:\Workspace\PluginDevelop\Plugins\GraphScript\webapp\src\panels\SourcePreviewPanel.tsx:351:5
  349 |
  350 |   useEffect(() => {
> 351 |     setDeclarationRenameValue(declarationRenameContext?.oldName ?? '')
      |     ^^^^^^^^^^^^^^^^^^^^^^^^^ Avoid calling setState() directly within an effect
  352 |   }, [declarationRenameContext?.oldName])
  353 |
  354 |   useEffect(() => {  react-hooks/set-state-in-effect
  355:5   error  Error: Calling setState synchronously within an effect can trigger cascading renders

Effects are intended to synchronize state between React and external systems such as manually updating the DOM, state management libraries, or other platform APIs. In general, the body of an effect should do one or both of the following:
* Update external systems with the latest state from React.
* Subscribe for updates from some external system, calling setState in a callback function when external state changes.

Calling setState synchronously within an effect body causes cascading renders that can hurt performance, and is not recommended. (https://react.dev/learn/you-might-not-need-an-effect).

G:\Workspace\PluginDevelop\Plugins\GraphScript\webapp\src\panels\SourcePreviewPanel.tsx:355:5
  353 |
  354 |   useEffect(() => {
> 355 |     setCollapsedImportNodes(new Set())
      |     ^^^^^^^^^^^^^^^^^^^^^^^ Avoid calling setState() directly within an effect
  356 |   }, [resolverEnvironment?.environment_hash])
  357 |
  358 |   useEffect(() => {                                react-hooks/set-state-in-effect

✖ 15 problems (14 errors, 1 warning)
